Create RSA Key to use
ssh-keygen
Generating public/private rsa key pair.
Enter file in which to save the key (/home/tom/.ssh/id_rsa): 
Enter passphrase (empty for no passphrase): 
Enter same passphrase again: 
Your identification has been saved in /home/tom/.ssh/id_rsa.
Your public key has been saved in /home/tom/.ssh/id_rsa.pub.
The key fingerprint is:
SHA256:6ScCql2fB/rtAJYbGEPnaCw1OmsXe2Ll2uUsnVhL/JA tom@WIN10
The key's randomart image is:
+---[RSA 3072]----+
|  + .            |
| = =             |
|+ *...           |
| = +=.. ..       |
|...=*o ES        |
|. oo==X.=        |
|  ..o=oBo..      |
| o ....=.o       |
|. .  .+oo        |
+----[SHA256]-----+

tom@WIN10:~/Documents/htb/traceback$ nano authorized_keys

tom@WIN10:~/Documents/htb/traceback$ cat /home/tom/.ssh/id_rsa.pub
ssh-rsa AAAAB3NzaC1yc2EAAAADAQABAAABgQDY6WIDYNZ1hQWYVbRbm9ZOYdv5fEJqzbt4mbLU4MCt/4CGI8yr3bErXSbMZs+WNRAqH4SIuw6f+UG144qqtmoAu+bS0JYTrnL9Pa22y6MEihTvKhUjFsEY8OsftLrnPyOJ9mcNw80Sfx4J+dJyZlKc0wFFXFh4p701fpAr70LVBKZHydx3LYGDDtDKCqp/Rb8y6EJjWSxzoCrBkKaRVAKn2WT24qXrvL2lLlydJ9BIb3EM1hhnA5yffwxOYqUf9GBM74AsreKRZ9AlZ7OrTtI4T24/pCccI66W/SRJjQpntmj+d+KZdR1PmpXUK/EpEyv75XnLfXbdbswLN4ZaBuCOulAi2z68ykFXpWpLyqaSuHhxisvkOXmiafqRZZVJmLxsgwF2qgFkZLnWrgZ9dxx0hHXBpdAXGnP0rnPIs4dAjYCco3oR1IBBvd3hhRqcQBO3ysxjqvGDV+91mCp7qEx4gD2hZhNNcK067Zc3fg3bmsY87IN9ganWfKHVt+e8KTU= tom@WIN10


tom@WIN10:~/.ssh$ cp id_rsa /home/tom/Documents/htb/traceback/
tom@WIN10:~/.ssh$ cp id_rsa.pub /home/tom/Documents/htb/traceback
tom@WIN10:~/.ssh$ cd /home/tom/Documents/htb/traceback
tom@WIN10:~/Documents/htb/traceback$ ls
authorized_keys  cb4447.php  ls.php      time                 traceback.gnmap
bg.jpg           cmd.php     method.jpg  traceback-all.gnmap  traceback.nmap
BPStegano        id_rsa      shutil      traceback-all.nmap   traceback.xml
cat.php          id_rsa.pub  sys         traceback-all.xml    webshelllist.txt
tom@WIN10:~/Documents/htb/traceback$ ssh -i id_rsa webadmin@traceback
